Microchip MPLAB XC8 Compiler V2.31

Linker command line:

-W-3 --edf=C:\Program Files\Microchip\xc8\v2.31\pic\dat\en_msgs.txt -cn \
  -h+dist/default/production\LAB05_display.X.production.sym \
  --cmf=dist/default/production\LAB05_display.X.production.cmf -z \
  -Q18F45K50 -oC:\Users\Labmems\AppData\Local\Temp\s3s94.2 \
  --defsym=__MPLAB_BUILD=1 \
  -Mdist/default/production/LAB05_display.X.production.map -E1 \
  -ver=XC8 Compiler --acfsm=1493 -ASTACK=01BCh-07FFh -pstack=STACK \
  -ACODE=00h-07FFFh -ACONST=00h-07FFFh -ASMALLCONST=0800h-08FFhx120 \
  -AMEDIUMCONST=0800h-07FFFh -ACOMRAM=01h-05Fh -AABS1=00h-07FFh \
  -ABIGRAM=01h-07FFh -ARAM=060h-0FFh,0100h-01FFhx7 -ABANK0=060h-0FFh \
  -ABANK1=0100h-01FFh -ABANK2=0200h-02FFh -ABANK3=0300h-03FFh \
  -ABANK4=0400h-04FFh -ABANK5=0500h-05FFh -ABANK6=0600h-06FFh \
  -ABANK7=0700h-07FFh -ASFR=0F53h-0F5Fh,0F60h-0FFFh \
  -ACONFIG=0300000h-030000Dh -AIDLOC=0200000h-0200007h \
  -AEEDATA=0F00000h-0F000FFh -peeprom_data=EEDATA \
  -preset_vec=00h,intcode,intcodelo,powerup,init -pramtop=0800h \
  -psmallconst=SMALLCONST -pmediumconst=MEDIUMCONST -pconst=CONST \
  -AFARRAM=00h-00h \
  -prdata=COMRAM,nvrram=COMRAM,nvbit=COMRAM,rbss=COMRAM,rbit=COMRAM \
  -pfarbss=FARRAM,fardata=FARRAM,nvFARRAM=FARRAM \
  -pintsave_regs=BIGRAM,bigbss=BIGRAM,bigdata=BIGRAM -pbss=RAM \
  -pidata=CODE,irdata=CODE,ibigdata=CODE,ifardata=CODE -prparam=COMRAM \
  C:\Users\Labmems\AppData\Local\Temp\s3s94.o \
  dist/default/production\LAB05_display.X.production.o 

Object code version is 3.11

Machine type is 18F45K50



                Name                               Link     Load   Length Selector   Space Scale
C:\Users\Labmems\AppData\Local\Temp\s3s94.o
                idloc                            200000   200000        8        0       5
                config                           300000   300000        E        0       4
                init                                  0        0        4        0       0
dist/default/production\LAB05_display.X.production.o
                idloc                            200000   200000        8        0       5
                config                           300000   300000        E        0       4
                smallconst                          800      800       80      400       0
                text16                             4B90     4B90       20      440       0
                text15                             47AC     47AC      108      440       0
                text14                             4690     4690      11C      440       0
                text13                             3F0E     3F0E      39A      440       0
                text12                             4AE0     4AE0       38      440       0
                text11                             3624     3624      4C0      440       0
                text10                             4A9A     4A9A       46      440       0
                text9                              44DC     44DC      1B4      440       0
                text8                              4B18     4B18       34      440       0
                text7                              3AE4     3AE4      42A      440       0
                text6                              42A8     42A8      234      440       0
                text5                              48B4     48B4      104      440       0
                text4                              4B6E     4B6E       22      440       0
                text3                              3164     3164      4C0      440       0
                text2                               880      880     28E4      440       0
                text1                              49B8     49B8       E2      440       0
                text0                              4B4C     4B4C       22      440       0
                cstackCOMRAM                          1        1       5D        1       1
                cstackBANK0                          60       60       42       60       1
                cstackBANK1                         100      100       BC      100       1
                bssBANK0                             A2       A2        4       60       1
                bssCOMRAM                            5E       5E        2        1       1
                cinit                              4BB0     4BB0       18      440       0

TOTAL           Name                               Link     Load   Length     Space
        CLASS   STACK          

        CLASS   CODE           
                init                                  0        0        4         0
                text16                             4B90     4B90       20         0
                text15                             47AC     47AC      108         0
                text14                             4690     4690      11C         0
                text13                             3F0E     3F0E      39A         0
                text12                             4AE0     4AE0       38         0
                text11                             3624     3624      4C0         0
                text10                             4A9A     4A9A       46         0
                text9                              44DC     44DC      1B4         0
                text8                              4B18     4B18       34         0
                text7                              3AE4     3AE4      42A         0
                text6                              42A8     42A8      234         0
                text5                              48B4     48B4      104         0
                text4                              4B6E     4B6E       22         0
                text3                              3164     3164      4C0         0
                text2                               880      880     28E4         0
                text1                              49B8     49B8       E2         0
                text0                              4B4C     4B4C       22         0
                cinit                              4BB0     4BB0       18         0

        CLASS   CONST          

        CLASS   SMALLCONST     
                smallconst                          800      800       80         0

        CLASS   MEDIUMCONST    

        CLASS   COMRAM         
                cstackCOMRAM                          1        1       5D         1
                bssCOMRAM                            5E       5E        2         1

        CLASS   ABS1           

        CLASS   BIGRAM         

        CLASS   RAM            

        CLASS   BANK0          
                cstackBANK0                          60       60       42         1
                bssBANK0                             A2       A2        4         1

        CLASS   BANK1          
                cstackBANK1                         100      100       BC         1

        CLASS   BANK2          

        CLASS   BANK3          

        CLASS   BANK4          

        CLASS   BANK5          

        CLASS   BANK6          

        CLASS   BANK7          

        CLASS   SFR            

        CLASS   CONFIG         
                config                           300000   300000        E         4

        CLASS   IDLOC          
                idloc                            200000   200000        8         5

        CLASS   EEDATA         

        CLASS   FARRAM         



SEGMENTS        Name                           Load    Length   Top    Selector   Space  Class

                reset_vec                      000000  000004  000004         0       0  CODE    
                cstackCOMRAM                   000001  00005F  000060         1       1  COMRAM  
                cstackBANK0                    000060  000046  0000A6        60       1  BANK0   
                cstackBANK1                    000100  0000BC  0001BC       100       1  BANK1   
                smallconst                     000800  000080  000880       400       0  SMALLCON
                text2                          000880  004348  004BC8       440       0  CODE    


UNUSED ADDRESS RANGES

        Name                Unused          Largest block    Delta
        BANK0            0000A6-0000FF               5A
        BANK1            0001BC-0001FF               44
        BANK2            000200-0002FF              100
        BANK3            000300-0003FF              100
        BANK4            000400-0004FF              100
        BANK5            000500-0005FF              100
        BANK6            000600-0006FF              100
        BANK7            000700-0007FF              100
        BIGRAM           0000A6-0000FF               5A
                         0001BC-0007FF              644
        CODE             000004-0007FF              7FC
                         004BC8-007FFF             3438
        CONST            000004-0007FF              7FC
                         004BC8-007FFF             3438
        EEDATA           F00000-F000FF              100
        MEDIUMCONST      004BC8-007FFF             3438
        RAM              0000A6-0000FF               5A
                         0001BC-0007FF              100
        SFR              000F53-000FFF                D
        SMALLCONST       004BC8-007FFF              100
        STACK            0001BC-0007FF              644

                                  Symbol Table

?___fladd                   cstackCOMRAM 000001
?___fldiv                   cstackCOMRAM 000032
?___flmul                   cstackCOMRAM 000011
?___flneg                   cstackCOMRAM 000001
?___flsub                   cstackCOMRAM 00002A
?___fltol                   cstackBANK0  000090
?___xxtofl                  cstackCOMRAM 000001
?_fabsf                     cstackCOMRAM 000001
?_nanf                      cstackCOMRAM 000001
?_powf                      cstackBANK0  000088
?_scalbnf                   cstackCOMRAM 00002A
?_sqrtf                     cstackCOMRAM 00003E
_ANSELA                     (abs)        000F5B
_ANSELB                     (abs)        000F5C
_ANSELD                     (abs)        000F5E
_LATB                       (abs)        000F8A
_LATD                       (abs)        000F8C
_OSCCON                     (abs)        000FD3
_TRISA                      (abs)        000F92
_TRISB                      (abs)        000F93
_TRISD                      (abs)        000F95
__HRAM                      (abs)        000000
__Habs1                     abs1         000000
__Hbank0                    bank0        000000
__Hbank1                    bank1        000000
__Hbank2                    bank2        000000
__Hbank3                    bank3        000000
__Hbank4                    bank4        000000
__Hbank5                    bank5        000000
__Hbank6                    bank6        000000
__Hbank7                    bank7        000000
__Hbigbss                   bigbss       000000
__Hbigdata                  bigdata      000000
__Hbigram                   bigram       000000
__Hbss                      bss          000000
__HbssBANK0                 bssBANK0     000000
__HbssCOMRAM                bssCOMRAM    000000
__Hcinit                    cinit        000000
__Hclrtext                  clrtext      000000
__Hcomram                   comram       000000
__Hconfig                   config       30000E
__Hconst                    const        000000
__HcstackBANK0              cstackBANK0  000000
__HcstackBANK1              cstackBANK1  000000
__HcstackCOMRAM             cstackCOMRAM 000000
__Hdata                     data         000000
__Heeprom_data              eeprom_data  000000
__Hfarbss                   farbss       000000
__Hfardata                  fardata      000000
__Hibigdata                 ibigdata     000000
__Hidata                    idata        000000
__Hidloc                    idloc        200008
__Hifardata                 ifardata     000000
__Hinit                     init         000004
__Hintcode                  intcode      000000
__Hintcode_body             intcode_body 000000
__Hintcodelo                intcodelo    000000
__Hintentry                 intentry     000000
__Hintret                   intret       000000
__Hintsave_regs             intsave_regs 000000
__Hirdata                   irdata       000000
__Hmediumconst              mediumconst  000000
__HnvFARRAM                 nvFARRAM     000000
__Hnvbit                    nvbit        000000
__Hnvrram                   nvrram       000000
__Hparam                    rparam       000000
__Hpowerup                  powerup      000000
__Hram                      ram          000000
__Hramtop                   ramtop       000800
__Hrbit                     rbit         000000
__Hrbss                     rbss         000000
__Hrdata                    rdata        000000
__Hreset_vec                reset_vec    000000
__Hrparam                   rparam       000000
__Hsfr                      sfr          000000
__Hsmallconst               smallconst   000880
__Hspace_0                  (abs)        004BC8
__Hspace_1                  (abs)        0001BC
__Hspace_2                  (abs)        000000
__Hspace_4                  (abs)        60000E
__Hstack                    stack        000000
__Hstruct                   struct       000000
__Htemp                     temp         000000
__Htext                     text         000000
__Htext0                    text0        000000
__Htext1                    text1        000000
__Htext10                   text10       000000
__Htext11                   text11       000000
__Htext12                   text12       000000
__Htext13                   text13       000000
__Htext14                   text14       000000
__Htext15                   text15       000000
__Htext16                   text16       000000
__Htext2                    text2        000000
__Htext3                    text3        000000
__Htext4                    text4        000000
__Htext5                    text5        000000
__Htext6                    text6        000000
__Htext7                    text7        000000
__Htext8                    text8        000000
__Htext9                    text9        000000
__LRAM                      (abs)        000001
__Labs1                     abs1         000000
__Lbank0                    bank0        000000
__Lbank1                    bank1        000000
__Lbank2                    bank2        000000
__Lbank3                    bank3        000000
__Lbank4                    bank4        000000
__Lbank5                    bank5        000000
__Lbank6                    bank6        000000
__Lbank7                    bank7        000000
__Lbigbss                   bigbss       000000
__Lbigdata                  bigdata      000000
__Lbigram                   bigram       000000
__Lbss                      bss          000000
__LbssBANK0                 bssBANK0     000000
__LbssCOMRAM                bssCOMRAM    000000
__Lcinit                    cinit        000000
__Lclrtext                  clrtext      000000
__Lcomram                   comram       000000
__Lconfig                   config       000000
__Lconst                    const        000000
__LcstackBANK0              cstackBANK0  000000
__LcstackBANK1              cstackBANK1  000000
__LcstackCOMRAM             cstackCOMRAM 000000
__Ldata                     data         000000
__Leeprom_data              eeprom_data  000000
__Lfarbss                   farbss       000000
__Lfardata                  fardata      000000
__Libigdata                 ibigdata     000000
__Lidata                    idata        000000
__Lidloc                    idloc        000000
__Lifardata                 ifardata     000000
__Linit                     init         000000
__Lintcode                  intcode      000000
__Lintcode_body             intcode_body 000000
__Lintcodelo                intcodelo    000000
__Lintentry                 intentry     000000
__Lintret                   intret       000000
__Lintsave_regs             intsave_regs 000000
__Lirdata                   irdata       000000
__Lmediumconst              mediumconst  000000
__LnvFARRAM                 nvFARRAM     000000
__Lnvbit                    nvbit        000000
__Lnvrram                   nvrram       000000
__Lparam                    rparam       000000
__Lpowerup                  powerup      000000
__Lram                      ram          000000
__Lramtop                   ramtop       000800
__Lrbit                     rbit         000000
__Lrbss                     rbss         000000
__Lrdata                    rdata        000000
__Lreset_vec                reset_vec    000000
__Lrparam                   rparam       000000
__Lsfr                      sfr          000000
__Lsmallconst               smallconst   000800
__Lspace_0                  (abs)        000000
__Lspace_1                  (abs)        000000
__Lspace_2                  (abs)        000000
__Lspace_4                  (abs)        000000
__Lstack                    stack        000000
__Lstruct                   struct       000000
__Ltemp                     temp         000000
__Ltext                     text         000000
__Ltext0                    text0        000000
__Ltext1                    text1        000000
__Ltext10                   text10       000000
__Ltext11                   text11       000000
__Ltext12                   text12       000000
__Ltext13                   text13       000000
__Ltext14                   text14       000000
__Ltext15                   text15       000000
__Ltext16                   text16       000000
__Ltext2                    text2        000000
__Ltext3                    text3        000000
__Ltext4                    text4        000000
__Ltext5                    text5        000000
__Ltext6                    text6        000000
__Ltext7                    text7        000000
__Ltext8                    text8        000000
__Ltext9                    text9        000000
__S0                        (abs)        004BC8
__S1                        (abs)        0001BC
__S2                        (abs)        000000
__S4                        (abs)        000000
__S5                        (abs)        000000
___fladd                    text11       003624
___fladd@a                  cstackCOMRAM 000005
___fladd@aexp               cstackCOMRAM 00000E
___fladd@b                  cstackCOMRAM 000001
___fladd@bexp               cstackCOMRAM 00000F
___fladd@grs                cstackCOMRAM 000010
___fladd@signs              cstackCOMRAM 00000D
___fldiv                    text13       003F0E
___fldiv@a                  cstackCOMRAM 000036
___fldiv@aexp               cstackCOMRAM 00004A
___fldiv@b                  cstackCOMRAM 000032
___fldiv@bexp               cstackCOMRAM 000049
___fldiv@grs                cstackCOMRAM 000045
___fldiv@new_exp            cstackCOMRAM 000043
___fldiv@rem                cstackCOMRAM 00003E
___fldiv@sign               cstackCOMRAM 000042
___flge                     text5        0048B4
___flge@ff1                 cstackCOMRAM 000032
___flge@ff2                 cstackCOMRAM 000036
___flmul                    text7        003AE4
___flmul@a                  cstackCOMRAM 000015
___flmul@aexp               cstackCOMRAM 000022
___flmul@b                  cstackCOMRAM 000011
___flmul@bexp               cstackCOMRAM 000023
___flmul@grs                cstackCOMRAM 00001E
___flmul@prod               cstackCOMRAM 000024
___flmul@sign               cstackCOMRAM 00001D
___flmul@temp               cstackCOMRAM 000028
___flneg                    text12       004AE0
___flneg@f1                 cstackCOMRAM 000001
___flsub                    text10       004A9A
___flsub@a                  cstackCOMRAM 00002E
___flsub@b                  cstackCOMRAM 00002A
___fltol                    text15       0047AC
___fltol@exp1               cstackCOMRAM 000059
___fltol@f1                 cstackBANK0  000090
___fltol@sign1              cstackCOMRAM 000058
___inthi_sp                 stack        000000
___intlo_sp                 stack        000000
___param_bank               (abs)        000000
___rparam_used              (abs)        000001
___sp                       stack        000000
___xxtofl                   text9        0044DC
___xxtofl@arg               cstackCOMRAM 00000B
___xxtofl@exp               cstackCOMRAM 00000A
___xxtofl@sign              cstackCOMRAM 000009
___xxtofl@val               cstackCOMRAM 000001
__accesstop                 (abs)        000060
__activetblptr              (abs)        000002
__end_of_L1                 smallconst   00085D
__end_of_L2                 smallconst   000859
__end_of_L3                 smallconst   000855
__end_of_L4                 smallconst   000851
__end_of_L5                 smallconst   00084D
__end_of_L6                 smallconst   000849
__end_of_P1                 smallconst   000845
__end_of_P2                 smallconst   000841
__end_of_P3                 smallconst   00083D
__end_of_P4                 smallconst   000839
__end_of_P5                 smallconst   000835
__end_of___fladd            text11       003AE4
__end_of___fldiv            text13       0042A8
__end_of___flge             text5        0049B8
__end_of___flmul            text7        003F0E
__end_of___flneg            text12       004B18
__end_of___flsub            text10       004AE0
__end_of___fltol            text15       0048B4
__end_of___xxtofl           text9        004690
__end_of__initialization    cinit        004BBE
__end_of_bp                 smallconst   000871
__end_of_char_to_seg        text14       0047AC
__end_of_cp                 smallconst   000821
__end_of_cp_h               smallconst   00087D
__end_of_cp_l               smallconst   000879
__end_of_dp_h               smallconst   000811
__end_of_dp_l               smallconst   000809
__end_of_fabsf              text8        004B4C
__end_of_huge               smallconst   000865
__end_of_ivln2              smallconst   00081D
__end_of_ivln2_h            smallconst   000875
__end_of_ivln2_l            smallconst   000819
__end_of_lg2                smallconst   000831
__end_of_lg2_h              smallconst   00082D
__end_of_lg2_l              smallconst   000829
__end_of_main               text0        004B6E
__end_of_nanf               text4        004B90
__end_of_ovt                smallconst   000825
__end_of_portsInit          text16       004BB0
__end_of_powf               text2        003164
__end_of_scalbnf            text6        0044DC
__end_of_send_to_disp       text1        004A9A
__end_of_sqrtf              text3        003624
__end_of_tiny               smallconst   000861
__end_of_tiny@sqrtf$F633    smallconst   000815
__end_of_two24              smallconst   000869
__initialization            cinit        004BB0
__mediumconst               mediumconst  000000
__pbssBANK0                 bssBANK0     0000A2
__pbssCOMRAM                bssCOMRAM    00005E
__pcinit                    cinit        004BB0
__pcstackBANK0              cstackBANK0  000060
__pcstackBANK1              cstackBANK1  000100
__pcstackCOMRAM             cstackCOMRAM 000001
__psmallconst               smallconst   000800
__ptext0                    text0        004B4C
__ptext1                    text1        0049B8
__ptext10                   text10       004A9A
__ptext11                   text11       003624
__ptext12                   text12       004AE0
__ptext13                   text13       003F0E
__ptext14                   text14       004690
__ptext15                   text15       0047AC
__ptext16                   text16       004B90
__ptext2                    text2        000880
__ptext3                    text3        003164
__ptext4                    text4        004B6E
__ptext5                    text5        0048B4
__ptext6                    text6        0042A8
__ptext7                    text7        003AE4
__ptext8                    text8        004B18
__ptext9                    text9        0044DC
__ramtop                    ramtop       000800
__size_of___fladd           (abs)        000000
__size_of___fldiv           (abs)        000000
__size_of___flge            (abs)        000000
__size_of___flmul           (abs)        000000
__size_of___flneg           (abs)        000000
__size_of___flsub           (abs)        000000
__size_of___fltol           (abs)        000000
__size_of___xxtofl          (abs)        000000
__size_of_char_to_seg       (abs)        000000
__size_of_fabsf             (abs)        000000
__size_of_main              (abs)        000000
__size_of_nanf              (abs)        000000
__size_of_portsInit         (abs)        000000
__size_of_powf              (abs)        000000
__size_of_scalbnf           (abs)        000000
__size_of_send_to_disp      (abs)        000000
__size_of_sqrtf             (abs)        000000
__smallconst                smallconst   000800
_bp                         smallconst   000869
_char_to_seg                text14       004690
_dp_h                       smallconst   000809
_dp_l                       smallconst   000801
_errno                      bssCOMRAM    00005E
_fabsf                      text8        004B18
_main                       text0        004B4C
_nanf                       text4        004B6E
_portsInit                  text16       004B90
_powf                       text2        000880
_powf$829                   cstackBANK1  0001A4
_powf$830                   cstackBANK1  000154
_powf$831                   cstackBANK1  000148
_powf$832                   cstackBANK1  000194
_powf$833                   cstackBANK1  000138
_powf$834                   cstackBANK1  000100
_powf$835                   cstackBANK1  000104
_powf$836                   cstackBANK1  000158
_powf$837                   cstackBANK1  00013C
_powf$838                   cstackBANK1  000140
_powf$839                   cstackBANK1  000108
_powf$840                   cstackBANK1  00010C
_powf$841                   cstackBANK1  000110
_powf$842                   cstackBANK1  000114
_powf$843                   cstackBANK1  000118
_scalbnf                    text6        0042A8
_send_to_disp               text1        0049B8
_send_to_disp$828           cstackBANK0  000098
_sqrtf                      text3        003164
char_to_seg@num             cstackCOMRAM 000003
char_to_seg@segments        cstackCOMRAM 000004
end_of_initialization       cinit        004BBE
fabsf@F465                  bssBANK0     0000A2
fabsf@u                     cstackCOMRAM 000005
fabsf@x                     cstackCOMRAM 000001
intlevel0                   text         000000
intlevel1                   text         000000
intlevel2                   text         000000
intlevel3                   text         000000
nanf@s                      cstackCOMRAM 000001
nanf@u                      cstackCOMRAM 000005
powf@__xc8_float_word       cstackBANK1  0001B8
powf@ax                     cstackBANK1  000170
powf@hx                     cstackBANK1  000160
powf@hy                     cstackBANK1  000184
powf@i                      cstackBANK1  00012C
powf@is                     cstackBANK1  000190
powf@ix                     cstackBANK1  0001A8
powf@iy                     cstackBANK1  000198
powf@j                      cstackBANK1  0001AC
powf@k                      cstackBANK1  0001A0
powf@n                      cstackBANK1  00017C
powf@p_h                    cstackBANK1  00019C
powf@p_l                    cstackBANK1  000164
powf@r                      cstackBANK1  00014C
powf@s                      cstackBANK1  00015C
powf@s2                     cstackBANK1  00018C
powf@s_h                    cstackBANK1  00016C
powf@s_l                    cstackBANK1  000130
powf@sn                     cstackBANK1  000188
powf@t                      cstackBANK1  0001B0
powf@t1                     cstackBANK1  000180
powf@t2                     cstackBANK1  00011C
powf@t_h                    cstackBANK1  000168
powf@t_l                    cstackBANK1  000134
powf@u                      cstackBANK1  000174
powf@v                      cstackBANK1  000178
powf@w                      cstackBANK1  000144
powf@x                      cstackBANK0  000088
powf@y                      cstackBANK0  00008C
powf@y1                     cstackBANK1  000128
powf@yisint                 cstackBANK1  000150
powf@z                      cstackBANK1  0001B4
powf@z_h                    cstackBANK1  000120
powf@z_l                    cstackBANK1  000124
scalbnf@n                   cstackCOMRAM 00002E
scalbnf@u                   cstackCOMRAM 000034
scalbnf@x                   cstackCOMRAM 00002A
scalbnf@y                   cstackCOMRAM 000038
send_to_disp@disp_word      cstackBANK0  000094
send_to_disp@i              cstackBANK0  0000A1
send_to_disp@internal_sweep cstackBANK0  00009C
send_to_disp@num_disp       cstackBANK0  0000A0
send_to_disp@sweep          cstackBANK0  00009E
sqrtf@__xc8_float_word      cstackBANK0  00006C
sqrtf@i                     cstackBANK0  000068
sqrtf@ix                    cstackBANK0  000084
sqrtf@m                     cstackBANK0  00007C
sqrtf@q                     cstackBANK0  000070
sqrtf@r                     cstackBANK0  000080
sqrtf@s                     cstackBANK0  000064
sqrtf@t                     cstackBANK0  000074
sqrtf@x                     cstackCOMRAM 00003E
sqrtf@z                     cstackBANK0  000078
stackhi                     (abs)        0007FF
stacklo                     (abs)        0001BC
start                       init         000000
start_initialization        cinit        004BB0


FUNCTION INFORMATION:

 *************** function _main *****************
 Defined at:
		line 25 in file "main.c"
 Parameters:    Size  Location     Type
		None
 Auto vars:     Size  Location     Type
  num             4    0        unsigned long 
 Return value:  Size  Location     Type
                  1    wreg      void 
 Registers used:
		wreg, status,2, status,0, tblptrl, tblptrh, tblptru, prodl, prodh, cstack
 Tracked objects:
		On entry : 
		On exit  : 
		Unchanged: 
 Data sizes:     COMRAM   BANK0   BANK1   BANK2   BANK3   BANK4   BANK5   BANK6   BANK7
      Params:         0       0       0       0       0       0       0       0       0
      Locals:         0       4       0       0       0       0       0       0       0
      Temps:          0       0       0       0       0       0       0       0       0
      Totals:         0       4       0       0       0       0       0       0       0
Total ram usage:        4 bytes
 Hardware stack levels required when called:    4
 This function calls:
		_portsInit
		_send_to_disp
 This function is called by:
		Startup code after reset
 This function uses a non-reentrant model


 *************** function _send_to_disp *****************
 Defined at:
		line 44 in file "main.c"
 Parameters:    Size  Location     Type
  disp_word       4   52[BANK0 ] unsigned long 
 Auto vars:     Size  Location     Type
  sweep           2   62[BANK0 ] int 
  internal_swe    2   60[BANK0 ] int 
  num_disp        1   64[BANK0 ] unsigned char 
  i               1   65[BANK0 ] unsigned char 
 Return value:  Size  Location     Type
                  1    wreg      void 
 Registers used:
		wreg, status,2, status,0, tblptrl, tblptrh, tblptru, prodl, prodh, cstack
 Tracked objects:
		On entry : 
		On exit  : 
		Unchanged: 
 Data sizes:     COMRAM   BANK0   BANK1   BANK2   BANK3   BANK4   BANK5   BANK6   BANK7
      Params:         0       4       0       0       0       0       0       0       0
      Locals:         0      10       0       0       0       0       0       0       0
      Temps:          4       0       0       0       0       0       0       0       0
      Totals:         4      14       0       0       0       0       0       0       0
Total ram usage:       18 bytes
 Hardware stack levels used:    1
 Hardware stack levels required when called:    3
 This function calls:
		___fltol
		___xxtofl
		_char_to_seg
		_powf
 This function is called by:
		_main
 This function uses a non-reentrant model


 *************** function _powf *****************
 Defined at:
		line 52 in file "C:\Program Files\Microchip\xc8\v2.31\pic\sources\c99\common\powf.c"
 Parameters:    Size  Location     Type
  x               4   40[BANK0 ] float 
  y               4   44[BANK0 ] float 
 Auto vars:     Size  Location     Type
  s2              4  140[BANK1 ] float 
  s_h             4  108[BANK1 ] float 
  t_h             4  104[BANK1 ] float 
  t_l             4   52[BANK1 ] float 
  s_l             4   48[BANK1 ] float 
  __xc8_float_    4  184[BANK1 ] struct .
  z               4  180[BANK1 ] float 
  t               4  176[BANK1 ] float 
  j               4  172[BANK1 ] long 
  ix              4  168[BANK1 ] long 
  k               4  160[BANK1 ] long 
  p_h             4  156[BANK1 ] float 
  iy              4  152[BANK1 ] long 
  is              4  144[BANK1 ] long 
  sn              4  136[BANK1 ] float 
  hy              4  132[BANK1 ] long 
  t1              4  128[BANK1 ] float 
  n               4  124[BANK1 ] long 
  v               4  120[BANK1 ] float 
  u               4  116[BANK1 ] float 
  ax              4  112[BANK1 ] float 
  p_l             4  100[BANK1 ] float 
  hx              4   96[BANK1 ] long 
  s               4   92[BANK1 ] float 
  yisint          4   80[BANK1 ] long 
  r               4   76[BANK1 ] float 
  w               4   68[BANK1 ] float 
  i               4   44[BANK1 ] long 
  y1              4   40[BANK1 ] float 
  z_l             4   36[BANK1 ] float 
  z_h             4   32[BANK1 ] float 
  t2              4   28[BANK1 ] float 
 Return value:  Size  Location     Type
                  4   40[BANK0 ] float 
 Registers used:
		wreg, status,2, status,0, tblptrl, tblptrh, tblptru, prodl, prodh, cstack
 Tracked objects:
		On entry : 
		On exit  : 
		Unchanged: 
 Data sizes:     COMRAM   BANK0   BANK1   BANK2   BANK3   BANK4   BANK5   BANK6   BANK7
      Params:         0       8       0       0       0       0       0       0       0
      Locals:         0       0     188       0       0       0       0       0       0
      Temps:          9       0       0       0       0       0       0       0       0
      Totals:         9       8     188       0       0       0       0       0       0
Total ram usage:      205 bytes
 Hardware stack levels used:    1
 Hardware stack levels required when called:    2
 This function calls:
		___fladd
		___fldiv
		___flge
		___flmul
		___flneg
		___flsub
		___xxtofl
		_fabsf
		_scalbnf
		_sqrtf
 This function is called by:
		_send_to_disp
 This function uses a non-reentrant model


 *************** function _sqrtf *****************
 Defined at:
		line 22 in file "C:\Program Files\Microchip\xc8\v2.31\pic\sources\c99\common\sqrtf.c"
 Parameters:    Size  Location     Type
  x               4   61[COMRAM] float 
 Auto vars:     Size  Location     Type
  ix              4   36[BANK0 ] long 
  r               4   32[BANK0 ] unsigned long 
  m               4   28[BANK0 ] long 
  z               4   24[BANK0 ] float 
  t               4   20[BANK0 ] long 
  q               4   16[BANK0 ] long 
  __xc8_float_    4   12[BANK0 ] struct .
  i               4    8[BANK0 ] long 
  s               4    4[BANK0 ] long 
  sign            4    0        long 
 Return value:  Size  Location     Type
                  4   61[COMRAM] float 
 Registers used:
		wreg, status,2, status,0, prodl, prodh, cstack
 Tracked objects:
		On entry : 
		On exit  : 
		Unchanged: 
 Data sizes:     COMRAM   BANK0   BANK1   BANK2   BANK3   BANK4   BANK5   BANK6   BANK7
      Params:         4       0       0       0       0       0       0       0       0
      Locals:         0      40       0       0       0       0       0       0       0
      Temps:          5       0       0       0       0       0       0       0       0
      Totals:         9      40       0       0       0       0       0       0       0
Total ram usage:       49 bytes
 Hardware stack levels used:    1
 Hardware stack levels required when called:    1
 This function calls:
		___fladd
		___flge
		___flmul
		_nanf
 This function is called by:
		_powf
 This function uses a non-reentrant model


 *************** function _nanf *****************
 Defined at:
		line 4 in file "C:\Program Files\Microchip\xc8\v2.31\pic\sources\c99\common\nanf.c"
 Parameters:    Size  Location     Type
  s               2    0[COMRAM] PTR const unsigned char 
		 -> STR_1(1), 
 Auto vars:     Size  Location     Type
  u               4    4[COMRAM] struct .
 Return value:  Size  Location     Type
                  4    0[COMRAM] float 
 Registers used:
		wreg, status,2
 Tracked objects:
		On entry : 
		On exit  : 
		Unchanged: 
 Data sizes:     COMRAM   BANK0   BANK1   BANK2   BANK3   BANK4   BANK5   BANK6   BANK7
      Params:         4       0       0       0       0       0       0       0       0
      Locals:         4       0       0       0       0       0       0       0       0
      Temps:          0       0       0       0       0       0       0       0       0
      Totals:         8       0       0       0       0       0       0       0       0
Total ram usage:        8 bytes
 Hardware stack levels used:    1
 This function calls:
		Nothing
 This function is called by:
		_sqrtf
 This function uses a non-reentrant model


 *************** function ___flge *****************
 Defined at:
		line 4 in file "C:\Program Files\Microchip\xc8\v2.31\pic\sources\c99\common\flge.c"
 Parameters:    Size  Location     Type
  ff1             4   49[COMRAM] float 
  ff2             4   53[COMRAM] float 
 Auto vars:     Size  Location     Type
		None
 Return value:  Size  Location     Type
		None               void
 Registers used:
		wreg, status,2, status,0
 Tracked objects:
		On entry : 
		On exit  : 
		Unchanged: 
 Data sizes:     COMRAM   BANK0   BANK1   BANK2   BANK3   BANK4   BANK5   BANK6   BANK7
      Params:         8       0       0       0       0       0       0       0       0
      Locals:         0       0       0       0       0       0       0       0       0
      Temps:          4       0       0       0       0       0       0       0       0
      Totals:        12       0       0       0       0       0       0       0       0
Total ram usage:       12 bytes
 Hardware stack levels used:    1
 This function calls:
		Nothing
 This function is called by:
		_powf
		_sqrtf
 This function uses a non-reentrant model


 *************** function _scalbnf *****************
 Defined at:
		line 4 in file "C:\Program Files\Microchip\xc8\v2.31\pic\sources\c99\common\scalbnf.c"
 Parameters:    Size  Location     Type
  x               4   41[COMRAM] float 
  n               2   45[COMRAM] int 
 Auto vars:     Size  Location     Type
  y               4   55[COMRAM] float 
  u               4   51[COMRAM] struct .
 Return value:  Size  Location     Type
                  4   41[COMRAM] float 
 Registers used:
		wreg, status,2, status,0, prodl, prodh, cstack
 Tracked objects:
		On entry : 
		On exit  : 
		Unchanged: 
 Data sizes:     COMRAM   BANK0   BANK1   BANK2   BANK3   BANK4   BANK5   BANK6   BANK7
      Params:         6       0       0       0       0       0       0       0       0
      Locals:         8       0       0       0       0       0       0       0       0
      Temps:          4       0       0       0       0       0       0       0       0
      Totals:        18       0       0       0       0       0       0       0       0
Total ram usage:       18 bytes
 Hardware stack levels used:    1
 Hardware stack levels required when called:    1
 This function calls:
		___flmul
 This function is called by:
		_powf
 This function uses a non-reentrant model


 *************** function ___flmul *****************
 Defined at:
		line 8 in file "C:\Program Files\Microchip\xc8\v2.31\pic\sources\c99\common\sprcmul.c"
 Parameters:    Size  Location     Type
  b               4   16[COMRAM] float 
  a               4   20[COMRAM] float 
 Auto vars:     Size  Location     Type
  prod            4   35[COMRAM] struct .
  grs             4   29[COMRAM] unsigned long 
  temp            2   39[COMRAM] struct .
  bexp            1   34[COMRAM] unsigned char 
  aexp            1   33[COMRAM] unsigned char 
  sign            1   28[COMRAM] unsigned char 
 Return value:  Size  Location     Type
                  4   16[COMRAM] unsigned char 
 Registers used:
		wreg, status,2, status,0, prodl, prodh
 Tracked objects:
		On entry : 
		On exit  : 
		Unchanged: 
 Data sizes:     COMRAM   BANK0   BANK1   BANK2   BANK3   BANK4   BANK5   BANK6   BANK7
      Params:         8       0       0       0       0       0       0       0       0
      Locals:        13       0       0       0       0       0       0       0       0
      Temps:          4       0       0       0       0       0       0       0       0
      Totals:        25       0       0       0       0       0       0       0       0
Total ram usage:       25 bytes
 Hardware stack levels used:    1
 This function calls:
		Nothing
 This function is called by:
		_powf
		_scalbnf
		_sqrtf
 This function uses a non-reentrant model


 *************** function _fabsf *****************
 Defined at:
		line 4 in file "C:\Program Files\Microchip\xc8\v2.31\pic\sources\c99\common\fabsf.c"
 Parameters:    Size  Location     Type
  x               4    0[COMRAM] float 
 Auto vars:     Size  Location     Type
  u               4    4[COMRAM] struct .
 Return value:  Size  Location     Type
                  4    0[COMRAM] float 
 Registers used:
		status,2, status,0
 Tracked objects:
		On entry : 
		On exit  : 
		Unchanged: 
 Data sizes:     COMRAM   BANK0   BANK1   BANK2   BANK3   BANK4   BANK5   BANK6   BANK7
      Params:         4       0       0       0       0       0       0       0       0
      Locals:         4       0       0       0       0       0       0       0       0
      Temps:          0       0       0       0       0       0       0       0       0
      Totals:         8       0       0       0       0       0       0       0       0
Total ram usage:        8 bytes
 Hardware stack levels used:    1
 This function calls:
		Nothing
 This function is called by:
		_powf
 This function uses a non-reentrant model


 *************** function ___xxtofl *****************
 Defined at:
		line 10 in file "C:\Program Files\Microchip\xc8\v2.31\pic\sources\c99\common\xxtofl.c"
 Parameters:    Size  Location     Type
  sign            1    wreg     unsigned char 
  val             4    0[COMRAM] long 
 Auto vars:     Size  Location     Type
  sign            1    8[COMRAM] unsigned char 
  arg             4   10[COMRAM] unsigned long 
  exp             1    9[COMRAM] unsigned char 
 Return value:  Size  Location     Type
                  4    0[COMRAM] unsigned char 
 Registers used:
		wreg, status,2, status,0
 Tracked objects:
		On entry : 
		On exit  : 
		Unchanged: 
 Data sizes:     COMRAM   BANK0   BANK1   BANK2   BANK3   BANK4   BANK5   BANK6   BANK7
      Params:         4       0       0       0       0       0       0       0       0
      Locals:         6       0       0       0       0       0       0       0       0
      Temps:          4       0       0       0       0       0       0       0       0
      Totals:        14       0       0       0       0       0       0       0       0
Total ram usage:       14 bytes
 Hardware stack levels used:    1
 This function calls:
		Nothing
 This function is called by:
		_send_to_disp
		_powf
 This function uses a non-reentrant model


 *************** function ___flsub *****************
 Defined at:
		line 245 in file "C:\Program Files\Microchip\xc8\v2.31\pic\sources\c99\common\sprcadd.c"
 Parameters:    Size  Location     Type
  b               4   41[COMRAM] unsigned char 
  a               4   45[COMRAM] unsigned char 
 Auto vars:     Size  Location     Type
		None
 Return value:  Size  Location     Type
                  4   41[COMRAM] unsigned char 
 Registers used:
		wreg, status,2, status,0, cstack
 Tracked objects:
		On entry : 
		On exit  : 
		Unchanged: 
 Data sizes:     COMRAM   BANK0   BANK1   BANK2   BANK3   BANK4   BANK5   BANK6   BANK7
      Params:         8       0       0       0       0       0       0       0       0
      Locals:         0       0       0       0       0       0       0       0       0
      Temps:          0       0       0       0       0       0       0       0       0
      Totals:         8       0       0       0       0       0       0       0       0
Total ram usage:        8 bytes
 Hardware stack levels used:    1
 Hardware stack levels required when called:    1
 This function calls:
		___fladd
 This function is called by:
		_powf
 This function uses a non-reentrant model


 *************** function ___fladd *****************
 Defined at:
		line 10 in file "C:\Program Files\Microchip\xc8\v2.31\pic\sources\c99\common\sprcadd.c"
 Parameters:    Size  Location     Type
  b               4    0[COMRAM] unsigned char 
  a               4    4[COMRAM] unsigned char 
 Auto vars:     Size  Location     Type
  grs             1   15[COMRAM] unsigned char 
  bexp            1   14[COMRAM] unsigned char 
  aexp            1   13[COMRAM] unsigned char 
  signs           1   12[COMRAM] unsigned char 
 Return value:  Size  Location     Type
                  4    0[COMRAM] unsigned char 
 Registers used:
		wreg, status,2, status,0
 Tracked objects:
		On entry : 
		On exit  : 
		Unchanged: 
 Data sizes:     COMRAM   BANK0   BANK1   BANK2   BANK3   BANK4   BANK5   BANK6   BANK7
      Params:         8       0       0       0       0       0       0       0       0
      Locals:         4       0       0       0       0       0       0       0       0
      Temps:          4       0       0       0       0       0       0       0       0
      Totals:        16       0       0       0       0       0       0       0       0
Total ram usage:       16 bytes
 Hardware stack levels used:    1
 This function calls:
		Nothing
 This function is called by:
		___flsub
		_powf
		_sqrtf
 This function uses a non-reentrant model


 *************** function ___flneg *****************
 Defined at:
		line 15 in file "C:\Program Files\Microchip\xc8\v2.31\pic\sources\c99\common\flneg.c"
 Parameters:    Size  Location     Type
  f1              4    0[COMRAM] unsigned char 
 Auto vars:     Size  Location     Type
		None
 Return value:  Size  Location     Type
                  4    0[COMRAM] unsigned char 
 Registers used:
		wreg, status,2, status,0
 Tracked objects:
		On entry : 
		On exit  : 
		Unchanged: 
 Data sizes:     COMRAM   BANK0   BANK1   BANK2   BANK3   BANK4   BANK5   BANK6   BANK7
      Params:         4       0       0       0       0       0       0       0       0
      Locals:         0       0       0       0       0       0       0       0       0
      Temps:          0       0       0       0       0       0       0       0       0
      Totals:         4       0       0       0       0       0       0       0       0
Total ram usage:        4 bytes
 Hardware stack levels used:    1
 This function calls:
		Nothing
 This function is called by:
		_powf
 This function uses a non-reentrant model


 *************** function ___fldiv *****************
 Defined at:
		line 11 in file "C:\Program Files\Microchip\xc8\v2.31\pic\sources\c99\common\sprcdiv.c"
 Parameters:    Size  Location     Type
  b               4   49[COMRAM] unsigned char 
  a               4   53[COMRAM] unsigned char 
 Auto vars:     Size  Location     Type
  grs             4   68[COMRAM] unsigned long 
  rem             4   61[COMRAM] unsigned long 
  new_exp         2   66[COMRAM] short 
  aexp            1   73[COMRAM] unsigned char 
  bexp            1   72[COMRAM] unsigned char 
  sign            1   65[COMRAM] unsigned char 
 Return value:  Size  Location     Type
                  4   49[COMRAM] unsigned char 
 Registers used:
		wreg, status,2, status,0
 Tracked objects:
		On entry : 
		On exit  : 
		Unchanged: 
 Data sizes:     COMRAM   BANK0   BANK1   BANK2   BANK3   BANK4   BANK5   BANK6   BANK7
      Params:         8       0       0       0       0       0       0       0       0
      Locals:        13       0       0       0       0       0       0       0       0
      Temps:          4       0       0       0       0       0       0       0       0
      Totals:        25       0       0       0       0       0       0       0       0
Total ram usage:       25 bytes
 Hardware stack levels used:    1
 This function calls:
		Nothing
 This function is called by:
		_powf
 This function uses a non-reentrant model


 *************** function _char_to_seg *****************
 Defined at:
		line 55 in file "main.c"
 Parameters:    Size  Location     Type
  num             1    wreg     unsigned char 
 Auto vars:     Size  Location     Type
  num             1    2[COMRAM] unsigned char 
  segments        1    3[COMRAM] unsigned char 
 Return value:  Size  Location     Type
                  1    wreg      unsigned char 
 Registers used:
		wreg, status,2, status,0
 Tracked objects:
		On entry : 
		On exit  : 
		Unchanged: 
 Data sizes:     COMRAM   BANK0   BANK1   BANK2   BANK3   BANK4   BANK5   BANK6   BANK7
      Params:         0       0       0       0       0       0       0       0       0
      Locals:         2       0       0       0       0       0       0       0       0
      Temps:          2       0       0       0       0       0       0       0       0
      Totals:         4       0       0       0       0       0       0       0       0
Total ram usage:        4 bytes
 Hardware stack levels used:    1
 This function calls:
		Nothing
 This function is called by:
		_send_to_disp
 This function uses a non-reentrant model


 *************** function ___fltol *****************
 Defined at:
		line 43 in file "C:\Program Files\Microchip\xc8\v2.31\pic\sources\c99\common\fltol.c"
 Parameters:    Size  Location     Type
  f1              4   48[BANK0 ] unsigned char 
 Auto vars:     Size  Location     Type
  exp1            1   88[COMRAM] unsigned char 
  sign1           1   87[COMRAM] unsigned char 
 Return value:  Size  Location     Type
                  4   48[BANK0 ] long 
 Registers used:
		wreg, status,2, status,0
 Tracked objects:
		On entry : 
		On exit  : 
		Unchanged: 
 Data sizes:     COMRAM   BANK0   BANK1   BANK2   BANK3   BANK4   BANK5   BANK6   BANK7
      Params:         0       4       0       0       0       0       0       0       0
      Locals:         2       0       0       0       0       0       0       0       0
      Temps:          4       0       0       0       0       0       0       0       0
      Totals:         6       4       0       0       0       0       0       0       0
Total ram usage:       10 bytes
 Hardware stack levels used:    1
 This function calls:
		Nothing
 This function is called by:
		_send_to_disp
 This function uses a non-reentrant model


 *************** function _portsInit *****************
 Defined at:
		line 34 in file "main.c"
 Parameters:    Size  Location     Type
		None
 Auto vars:     Size  Location     Type
		None
 Return value:  Size  Location     Type
                  1    wreg      void 
 Registers used:
		wreg, status,2
 Tracked objects:
		On entry : 
		On exit  : 
		Unchanged: 
 Data sizes:     COMRAM   BANK0   BANK1   BANK2   BANK3   BANK4   BANK5   BANK6   BANK7
      Params:         0       0       0       0       0       0       0       0       0
      Locals:         0       0       0       0       0       0       0       0       0
      Temps:          0       0       0       0       0       0       0       0       0
      Totals:         0       0       0       0       0       0       0       0       0
Total ram usage:        0 bytes
 Hardware stack levels used:    1
 This function calls:
		Nothing
 This function is called by:
		_main
 This function uses a non-reentrant model



MODULE INFORMATION

Module		Function		Class		Link	Load	Size
C:\Program Files\Microchip\xc8\v2.31\pic\sources\c99\common\nanf.c
		_nanf          		CODE           	4B6E	0000	34

C:\Program Files\Microchip\xc8\v2.31\pic\sources\c99\common\nanf.c estimated size: 34

C:\Program Files\Microchip\xc8\v2.31\pic\sources\c99\common\sprcadd.c
		___flsub       		CODE           	4A9A	0000	70
		___fladd       		CODE           	3624	0000	1216

C:\Program Files\Microchip\xc8\v2.31\pic\sources\c99\common\sprcadd.c estimated size: 1286

C:\Program Files\Microchip\xc8\v2.31\pic\sources\c99\common\flneg.c
		___flneg       		CODE           	4AE0	0000	56

C:\Program Files\Microchip\xc8\v2.31\pic\sources\c99\common\flneg.c estimated size: 56

C:\Program Files\Microchip\xc8\v2.31\pic\sources\c99\common\fabsf.c
		_fabsf         		CODE           	4B18	0000	52

C:\Program Files\Microchip\xc8\v2.31\pic\sources\c99\common\fabsf.c estimated size: 52

C:\Program Files\Microchip\xc8\v2.31\pic\sources\c99\common\xxtofl.c
		___xxtofl      		CODE           	44DC	0000	436

C:\Program Files\Microchip\xc8\v2.31\pic\sources\c99\common\xxtofl.c estimated size: 436

C:\Program Files\Microchip\xc8\v2.31\pic\sources\c99\common\powf.c
		_powf          		CODE           	0880	0000	10468

C:\Program Files\Microchip\xc8\v2.31\pic\sources\c99\common\powf.c estimated size: 10468

shared
		_L5            		SMALLCONST     	0000	0000	0
		_P3            		SMALLCONST     	0000	0000	0
		_L6            		SMALLCONST     	0000	0000	0
		_P4            		SMALLCONST     	0000	0000	0
		_P5            		SMALLCONST     	0000	0000	0
		_tiny@sqrtf$F633		SMALLCONST     	0000	0000	0
		_lg2_l         		SMALLCONST     	0000	0000	0
		_ivln2_l       		SMALLCONST     	0000	0000	0
		_ivln2         		SMALLCONST     	0000	0000	0
		__initialization		CODE           	4BB0	0000	14
		_bp            		SMALLCONST     	0869	0000	8
		_cp            		SMALLCONST     	0000	0000	0
		_cp_h          		SMALLCONST     	0000	0000	0
		_dp_h          		SMALLCONST     	0809	0000	8
		_lg2           		SMALLCONST     	0000	0000	0
		_lg2_h         		SMALLCONST     	0000	0000	0
		_ivln2_h       		SMALLCONST     	0000	0000	0
		_tiny          		SMALLCONST     	0000	0000	0
		_ovt           		SMALLCONST     	0000	0000	0
		_huge          		SMALLCONST     	0000	0000	0
		_two24         		SMALLCONST     	0000	0000	0
		_cp_l          		SMALLCONST     	0000	0000	0
		_dp_l          		SMALLCONST     	0801	0000	8
		_L1            		SMALLCONST     	0000	0000	0
		_L2            		SMALLCONST     	0000	0000	0
		_L3            		SMALLCONST     	0000	0000	0
		_P1            		SMALLCONST     	0000	0000	0
		_L4            		SMALLCONST     	0000	0000	0
		_P2            		SMALLCONST     	0000	0000	0

shared estimated size: 38

C:\Program Files\Microchip\xc8\v2.31\pic\sources\c99\common\sprcmul.c
		___flmul       		CODE           	3AE4	0000	1066

C:\Program Files\Microchip\xc8\v2.31\pic\sources\c99\common\sprcmul.c estimated size: 1066

C:\Program Files\Microchip\xc8\v2.31\pic\sources\c99\common\sqrtf.c
		_sqrtf         		CODE           	3164	0000	1216

C:\Program Files\Microchip\xc8\v2.31\pic\sources\c99\common\sqrtf.c estimated size: 1216

C:\Program Files\Microchip\xc8\v2.31\pic\sources\c99\common\sprcdiv.c
		___fldiv       		CODE           	3F0E	0000	922

C:\Program Files\Microchip\xc8\v2.31\pic\sources\c99\common\sprcdiv.c estimated size: 922

C:\Program Files\Microchip\xc8\v2.31\pic\sources\c99\common\fltol.c
		___fltol       		CODE           	47AC	0000	264

C:\Program Files\Microchip\xc8\v2.31\pic\sources\c99\common\fltol.c estimated size: 264

C:\Program Files\Microchip\xc8\v2.31\pic\sources\c99\common\flge.c
		___flge        		CODE           	48B4	0000	260

C:\Program Files\Microchip\xc8\v2.31\pic\sources\c99\common\flge.c estimated size: 260

C:\Program Files\Microchip\xc8\v2.31\pic\sources\c99\common\scalbnf.c
		_scalbnf       		CODE           	42A8	0000	564

C:\Program Files\Microchip\xc8\v2.31\pic\sources\c99\common\scalbnf.c estimated size: 564

main.c
		_portsInit     		CODE           	4B90	0000	32
		_main          		CODE           	4B4C	0000	34
		_send_to_disp  		CODE           	49B8	0000	226
		_char_to_seg   		CODE           	4690	0000	284

main.c estimated size: 576

